--- rendered ---
«╭─ 🖼 diagram.png · 100×40 at 200 px wide»{darkgray}
«│»{darkgray}
«│»{darkgray}
«│»{darkgray}
«│»{darkgray}
«╰─»{darkgray}
«╭─ 🖼 diagram.png · 100×40 at 200×100 px»{darkgray}
«│»{darkgray}
«│»{darkgray}
«│»{darkgray}
«│»{darkgray}
«│»{darkgray}
«╰─»{darkgray}
«╭─ 🖼 diagram.png · 100×40 at 30 px wide»{darkgray}
«│»{darkgray}
«╰─»{darkgray}
«╭─ 🖼 Alt · https://example.com/image.png (web images aren't downloaded)»{darkgray}
«╰─»{darkgray}
