--- rendered ---
«┃ »{blue}«✎ note»{blue bold}
«┃ »{cyan}«≡ abstract»{cyan bold}
«┃ »{cyan}«≡ summary»{cyan bold}
«┃ »{cyan}«≡ tldr»{cyan bold}
«┃ »{blue}«ℹ info»{blue bold}
«┃ »{blue}«☑ todo»{blue bold}
«┃ »{green}«✦ tip»{green bold}
«┃ »{green}«✦ hint»{green bold}
«┃ »{green}«✦ important»{green bold}
«┃ »{green}«✔ success»{green bold}
«┃ »{green}«✔ check»{green bold}
«┃ »{green}«✔ done»{green bold}
«┃ »{yellow}«? question»{yellow bold}
«┃ »{yellow}«? help»{yellow bold}
«┃ »{yellow}«? faq»{yellow bold}
«┃ »{yellow}«⚠ warning»{yellow bold}
«┃ »{yellow}«⚠ caution»{yellow bold}
«┃ »{yellow}«⚠ attention»{yellow bold}
«┃ »{red}«✘ failure»{red bold}
«┃ »{red}«✘ fail»{red bold}
«┃ »{red}«✘ missing»{red bold}
«┃ »{red}«ϟ danger»{red bold}
«┃ »{red}«ϟ error»{red bold}
«┃ »{red}«※ bug»{red bold}
«┃ »{magenta}«☰ example»{magenta bold}
«┃ »{gray}«❝ quote»{gray bold}
«┃ »{gray}«❝ cite»{gray bold}
«┃ »{green}«✦ TIP»{green bold}
