--- rendered ---
«┌──────────┬───────────┐»{darkgray}
«│»{darkgray} «Name»{bold}     «│»{darkgray} «Status»{bold}    «│»{darkgray}
«├──────────┼───────────┤»{darkgray}
«│»{darkgray} mdedit   «│»{darkgray} active    «│»{darkgray}
«│»{darkgray} obsidian «│»{darkgray} reference «│»{darkgray}
«└──────────┴───────────┘»{darkgray}
